[html.iwthemes.com/allEvents/Music/index-sliderbg.html]
[backblue.gif]
[fade.gif]
[index.html]
[html.iwthemes.com/allEvents/Music/css/style.css]
[html.iwthemes.com/allEvents/Music/css/responsive-theme.css]
[html.iwthemes.com/allEvents/Music/img/icons/favicon.ico]
[html.iwthemes.com/allEvents/Music/img/icons/apple-touch-icon.png]
[html.iwthemes.com/allEvents/Music/img/icons/apple-touch-icon-72x72.png]
[html.iwthemes.com/allEvents/Music/js/modernizr/modernizr.js]
[html.iwthemes.com/allEvents/Music/index-sliderbgaf91.html]
[html.iwthemes.com/allEvents/Music/index-sliderbgab3c.html]
[html.iwthemes.com/allEvents/Music/index-sliderbg0e99.html]
[html.iwthemes.com/allEvents/Music/index-sliderbg1549.html]
[html.iwthemes.com/allEvents/Music/index-sliderbg938c.html]
[html.iwthemes.com/allEvents/Music/index-sliderbg1c57.html]
[html.iwthemes.com/allEvents/Music/index-video.html]
[html.iwthemes.com/allEvents/Music/img/logo.png]
[html.iwthemes.com/allEvents/Music/index.html]
[html.iwthemes.com/allEvents/Music/img/slide/slides/slider-event-bg-03.jpg]
[html.iwthemes.com/allEvents/Music/img/slide/slides/slider-event-bg-02.jpg]
[html.iwthemes.com/allEvents/Music/img/slide/slides/slider-event-bg-01.jpg]
[html.iwthemes.com/allEvents/Music/img/albums/cover-album-01.jpg]
[html.iwthemes.com/allEvents/Music/img/albums/cover-album-02.jpg]
[html.iwthemes.com/allEvents/Music/img/albums/cover-album-03.jpg]
[html.iwthemes.com/allEvents/Music/img/albums/cover-album-05.jpg]
[html.iwthemes.com/allEvents/Music/img/speakers/speaker-1.jpg]
[html.iwthemes.com/allEvents/Music/img/speakers/speaker-8.jpg]
[html.iwthemes.com/allEvents/Music/img/speakers/speaker-4.jpg]
[html.iwthemes.com/allEvents/Music/img/speakers/speaker-5.jpg]
[html.iwthemes.com/allEvents/Music/img/speakers/speaker-6.jpg]
[html.iwthemes.com/allEvents/Music/img/speakers/speaker-2.jpg]
[html.iwthemes.com/allEvents/Music/img/speakers/speaker-7.jpg]
[html.iwthemes.com/allEvents/Music/img/testimonials/01.jpg]
[html.iwthemes.com/allEvents/Music/img/testimonials/02.jpg]
[html.iwthemes.com/allEvents/Music/video/video.jpg]
[html.iwthemes.com/allEvents/Music/video/video.ogv]
[html.iwthemes.com/allEvents/Music/img/sponsors/sponsor-1.jpg]
[html.iwthemes.com/allEvents/Music/img/sponsors/sponsor-2.jpg]
[html.iwthemes.com/allEvents/Music/js/animations/wow.js]
[html.iwthemes.com/allEvents/Music/js/totop/jquery.ui.totop.js]
[html.iwthemes.com/allEvents/Music/js/jquery.js]
[html.iwthemes.com/allEvents/Music/js/scroll/smooth-scroll.js]
[html.iwthemes.com/allEvents/Music/js/theme-options/theme-options.js]
[html.iwthemes.com/allEvents/Music/js/carousel/carousel.js]
[html.iwthemes.com/allEvents/Music/js/theme-options/jquery.cookies.js]
[html.iwthemes.com/allEvents/Music/js/theme-options/jquery.easing.1.3.min.js]
[html.iwthemes.com/allEvents/Music/js/parallax/jquery.stellar.min.js]
[html.iwthemes.com/allEvents/Music/js/counter/jquery.countdown.js]
[html.iwthemes.com/allEvents/Music/js/maps/gmap3.js]
[html.iwthemes.com/allEvents/Music/js/slider-func.js]
[html.iwthemes.com/allEvents/Music/js/slide/camera.js]
[html.iwthemes.com/allEvents/Music/js/twitter/jquery.tweet.js]
[html.iwthemes.com/allEvents/Music/js/flickr/jflickrfeed.js]
[html.iwthemes.com/allEvents/Music/js/menu/jquery.nav.js]
[html.iwthemes.com/allEvents/Music/index-sliderbg.html]
[html.iwthemes.com/allEvents/Music/js/main.js]
[html.iwthemes.com/allEvents/Music/css/bootstrap/bootstrap.min.css]
[html.iwthemes.com/allEvents/Music/js/bootstrap/bootstrap.min.js]
[html.iwthemes.com/allEvents/Music/css/bootstrap/bootstrap-theme.min.css]
[html.iwthemes.com/allEvents/Music/js/fancybox/jquery.fancybox.css]
[html.iwthemes.com/allEvents/Music/css/scroll/jquery.mCustomScrollbar.css]
[html.iwthemes.com/allEvents/Music/css/icons/font-awesome.css]
[html.iwthemes.com/allEvents/Music/css/carousel/carousel.css]
[html.iwthemes.com/allEvents/Music/css/carousel/owl.theme.css]
[html.iwthemes.com/allEvents/Music/css/carousel/owl.transitions.css]
[html.iwthemes.com/allEvents/Music/css/skins/theme-options.css]
[html.iwthemes.com/allEvents/Music/css/slider/camera.css]
[html.iwthemes.com/allEvents/Music/css/transitions.css]
[html.iwthemes.com/allEvents/Music/css/animations/animate.css]
[html.iwthemes.com/allEvents/Music/css/tabs/style.css]
[html.iwthemes.com/allEvents/Music/css/flickr/flickr.css]
[html.iwthemes.com/allEvents/Music/css/plugin-soundcloud/style.css]
[html.iwthemes.com/allEvents/Music/img/preloader.gif]
[html.iwthemes.com/allEvents/Music/img/principal-image-background.jpg]
[html.iwthemes.com/allEvents/Music/img/preview-schedule.jpg]
[html.iwthemes.com/allEvents/Music/img/speakers-background.jpg]
[html.iwthemes.com/allEvents/Music/img/ui.totop.png]
[html.iwthemes.com/allEvents/Music/css/style.css]
[html.iwthemes.com/allEvents/Music/css/responsive-theme.css]
[html.iwthemes.com/allEvents/Music/img/icons/apple-touch-icon-114x114.png]
[html.iwthemes.com/allEvents/Music/index-sliderbgaf91.html]
[html.iwthemes.com/allEvents/Music/index-sliderbgab3c.html]
[html.iwthemes.com/allEvents/Music/index-sliderbg0e99.html]
[html.iwthemes.com/allEvents/Music/index-sliderbg1549.html]
[html.iwthemes.com/allEvents/Music/index-sliderbg938c.html]
[html.iwthemes.com/allEvents/Music/index-sliderbg1c57.html]
[html.iwthemes.com/allEvents/Music/index-videoaf91.html]
[html.iwthemes.com/allEvents/Music/index-videoab3c.html]
[html.iwthemes.com/allEvents/Music/index-video0e99.html]
[html.iwthemes.com/allEvents/Music/index-video1549.html]
[html.iwthemes.com/allEvents/Music/index-video938c.html]
[html.iwthemes.com/allEvents/Music/index-video1c57.html]
[html.iwthemes.com/allEvents/Music/js/video/jquery.backgroundvideo.min.js]
[html.iwthemes.com/allEvents/Music/js/video-func.js]
[html.iwthemes.com/allEvents/Music/index-video.html]
[html.iwthemes.com/allEvents/Music/indexaf91.html]
[html.iwthemes.com/allEvents/Music/indexab3c.html]
[html.iwthemes.com/allEvents/Music/index0e99.html]
[html.iwthemes.com/allEvents/Music/index1549.html]
[html.iwthemes.com/allEvents/Music/index938c.html]
[html.iwthemes.com/allEvents/Music/index1c57.html]
[html.iwthemes.com/allEvents/Music/index.html]
[html.iwthemes.com/allEvents/Music/img/albums/cover-album-04.jpg]
[html.iwthemes.com/allEvents/Music/img/speakers/speaker-3.jpg]
[html.iwthemes.com/allEvents/Music/video/video.webm]
[html.iwthemes.com/allEvents/Music/css/bootstrap/bootstrap.min.css]
[html.iwthemes.com/allEvents/Music/css/bootstrap/bootstrap-theme.min.css]
[html.iwthemes.com/allEvents/Music/img/sponsors/sponsor-3.jpg]
[html.iwthemes.com/allEvents/Music/js/fancybox/fancybox_sprite.png]
[html.iwthemes.com/allEvents/Music/js/fancybox/blank.gif]
[html.iwthemes.com/allEvents/Music/js/fancybox/jquery.fancybox.js]
[html.iwthemes.com/allEvents/Music/js/fancybox/fancybox_overlay.png]
[html.iwthemes.com/allEvents/Music/js/fancybox/fancybox_sprite@2x.png]
[html.iwthemes.com/allEvents/Music/js/fancybox/fancybox_loading@2x.gif]
[html.iwthemes.com/allEvents/Music/js/fancybox/jquery.fancybox.css]
[html.iwthemes.com/allEvents/Music/css/scroll/mCSB_buttons.png]
[html.iwthemes.com/allEvents/Music/css/scroll/jquery.mCustomScrollbar.css]
[html.iwthemes.com/allEvents/Music/css/fonts/fontawesome-webfont78ce.woff]
[html.iwthemes.com/allEvents/Music/css/fonts/fontawesome-webfont78ce.eot]
[html.iwthemes.com/allEvents/Music/css/fonts/fontawesome-webfont78ce.ttf]
[html.iwthemes.com/allEvents/Music/css/fonts/fontawesome-webfontd41d.eot]
[html.iwthemes.com/allEvents/Music/css/icons/font-awesome.css]
[html.iwthemes.com/allEvents/Music/css/carousel/carousel.css]
[html.iwthemes.com/allEvents/Music/css/fonts/fontawesome-webfont78ce.svg]
[html.iwthemes.com/allEvents/Music/css/carousel/AjaxLoader.6b.delayed]
[html.iwthemes.com/allEvents/Music/css/carousel/owl.theme.css]
[html.iwthemes.com/allEvents/Music/css/carousel/owl.transitions.css]
[html.iwthemes.com/allEvents/Music/css/skins/theme-options.css]
[html.iwthemes.com/allEvents/Music/img/slide/blank.gif]
[html.iwthemes.com/allEvents/Music/img/slide/camera-loader.gif]
[html.iwthemes.com/allEvents/Music/img/slide/camera_skins.png]
[html.iwthemes.com/allEvents/Music/css/slider/camera.css]
[html.iwthemes.com/allEvents/Music/css/transitions.css]
[html.iwthemes.com/allEvents/Music/css/animations/animate.css]
[html.iwthemes.com/allEvents/Music/css/tabs/style.css]
[html.iwthemes.com/allEvents/Music/css/flickr/flickr.css]
[html.iwthemes.com/allEvents/Music/css/plugin-soundcloud/style.css]
[html.iwthemes.com/allEvents/Music/index-videoaf91.html]
[html.iwthemes.com/allEvents/Music/index-videoab3c.html]
[html.iwthemes.com/allEvents/Music/index-video0e99.html]
[html.iwthemes.com/allEvents/Music/index-video1549.html]
[html.iwthemes.com/allEvents/Music/index-video938c.html]
[html.iwthemes.com/allEvents/Music/index-video1c57.html]
[html.iwthemes.com/allEvents/Music/indexaf91.html]
[html.iwthemes.com/allEvents/Music/indexab3c.html]
[html.iwthemes.com/allEvents/Music/index0e99.html]
[html.iwthemes.com/allEvents/Music/index1549.html]
[html.iwthemes.com/allEvents/Music/index938c.html]
[html.iwthemes.com/allEvents/Music/index1c57.html]
[html.iwthemes.com/allEvents/Music/css/fonts/fontawesome-webfont78ce.svg]
[html.iwthemes.com/allEvents/Music/css/carousel/AjaxLoader.html]
[html.iwthemes.com/allEvents/Music/js/fancybox/fancybox_loading.gif]
[html.iwthemes.com/allEvents/Music/img/slide/patterns/overlay.png]
[html.iwthemes.com/allEvents/Music/css/carousel/grabbing.png]
[html.iwthemes.com/allEvents/Music/css/carousel/grabbing.png]
